// Jest Snapshot v1, https://goo.gl/fbAQLP

exports[`Pruebas al Componente <AddCategory /> SnapShot al Componente 1`] = `
<styled.form
  id="Form-Category"
  onSubmit={[Function]}
>
  <styled.input
    id="Input-Category"
    onChange={[Function]}
    type="text"
    value="Escribe Aca!"
  />
  <p>
    Escribe Aca!
  </p>
   
  <styled.div>
    <styled.button
      id="Button-Category"
      primary={true}
      type="submit"
    >
      Enviar
    </styled.button>
    <styled.button
      hover={true}
      id="Button-Category"
      type="submit"
    >
      Cancelar
    </styled.button>
  </styled.div>
</styled.form>
`;
