// Jest Snapshot v1, https://goo.gl/fbAQLP

exports[`Pruebas al Componente <AddCategory /> SnapShot al Componente 1`] = `
<form
  className="form-category"
  onSubmit={[Function]}
>
  <input
    className="input-category"
    onChange={[Function]}
    type="text"
    value="Escribe Aca!"
  />
  <p>
    Escribe Aca!
  </p>
  <div
    className="btn-div"
  >
    <button
      className="btn-primary"
      type="submit"
    >
      Enviar
    </button>
    <button
      className="btn-secondary"
      type="submit"
    >
      Cancelar
    </button>
  </div>
</form>
`;
